"CUST_KEY","CUST_ID","CUST_NAME","CUST_ADDRESS_STREET","CUST_ADDRESS_CITY","CUST_ADDRESS_ZIP","CUST_CURRENT_FLAG",
"21","1","Pepa Novak","TECHNICKA","PRAHA","16000","Y",
"22","4","BORIS OSTRY","stodolni","ostrava","45689","Y",
"23","3","ONDREJ STARY","FREYOVA","BRNO","24890","Y",
"24","5","Emanuel Modry","Vaclavske nam","Praha","11000","Y",
"25","2","Andrea VELKA","PIVOVARSKA","PLZEN","38954","Y",
