"CUST_KEY","CUST_ID","CUST_NAME","CUST_ADDRESS_STREET","CUST_ADDRESS_CITY","CUST_ADDRESS_ZIP","CUST_CURRENT_FLAG",
"1","5","Emanuel Modry","Vaclavske nam","Praha","11000","Y",
"2","1","Pepa Novak","TECHNICKA","PRAHA","16000","N",
"3","4","BORIS OSTRY","stodolni","ostrava","45689","N",
"4","3","ONDREJ STARY","FREYOVA","BRNO","24890","Y",
"5","2","Andrea VELKA","PIVOVARSKA","PLZEN","38954","Y",
"6","1","Petr Novak","Brnenska","BRNO","12345","Y",
