"INV_KEY","INV_DUE_DATE","INV_ID","INV_PAYMENT_DATE","INV_PAYMENT_FLAG","INV_CURRENT_FLAG",
"1","2010-10-30 00:00:00.0","1","2000-01-01 00:00:00.0","0","Y",
"2","2010-10-30 00:00:00.0","4","2010-01-01 00:00:00.0","1","Y",
"3","2010-10-30 00:00:00.0","3","2000-01-01 00:00:00.0","0","Y",
"4","2010-11-30 00:00:00.0","5","2000-01-01 00:00:00.0","0","Y",
"5","2010-10-30 00:00:00.0","2","2010-10-20 00:00:00.0","1","Y",
