"PROD_KEY","PROD_GROUP_CODE","PROD_GROUP_NAME","PROD_ID","PROD_NAME","PROD_CURRENT_FLAG",
"1","AUTA","AUTOMOBILY","1","Skoda Octavia","Y",
"2","Zbrane","Zbrane a strelivo","4","AK-47","Y",
"3","Hracky","Hracky","3","Plysovy medvidek","Y",
"4","Trhaviny","SEMTEX a jemu podobne","5","Semtex C3 1kg","Y",
"5","stroje","stroje","2","Soustruh B238","Y",
