"QUANTITY","TOTAL_PRICE","UNIT_PRICE","TIME_KEY","INV_KEY","PROD_KEY","CUST_KEY","SALES_KEY",
"1","1","1","2451545","2","2","2","1",
"100","10000","100","2451545","4","4","4","2",
"3","9","3","2451545","3","3","3","3",
"1","1","1","2451545","1","1","1","4",
"2","4","2","2451545","5","5","5","5",
