"QUANTITY","TOTAL_PRICE","UNIT_PRICE","TIME_KEY","INV_KEY","PROD_KEY","CUST_KEY","SALES_KEY",
